CRITICAL - 2025-06-19 01:36:29 --> The action you requested is not allowed.
in SYSTEMPATH\Security\Security.php on line 286.
 1 SYSTEMPATH\Security\Security.php(286): CodeIgniter\Security\Exceptions\SecurityException::forDisallowedAction()
 2 SYSTEMPATH\Filters\CSRF.php(54): CodeIgniter\Security\Security->verify(Object(CodeIgniter\HTTP\IncomingRequest))
 3 SYSTEMPATH\Filters\Filters.php(173): CodeIgniter\Filters\CSRF->before(Object(CodeIgniter\HTTP\IncomingRequest), null)
 4 SYSTEMPATH\CodeIgniter.php(440): CodeIgniter\Filters\Filters->run('messages/count_notifications', 'before')
 5 SYSTEMPATH\CodeIgniter.php(349): CodeIgniter\CodeIgniter->handleRequest(null, Object(Config\Cache), false)
 6 FCPATH\index.php(80): CodeIgniter\CodeIgniter->run()
ERROR - 2025-06-19 01:52:24 --> DEBUG: $sGroupBy = 
ERROR - 2025-06-19 01:52:32 --> DEBUG: $sGroupBy = 
ERROR - 2025-06-19 01:54:01 --> DEBUG: $sGroupBy = 
ERROR - 2025-06-19 01:54:11 --> DEBUG: $sGroupBy = 
ERROR - 2025-06-19 02:02:29 --> DEBUG: $sGroupBy = 
ERROR - 2025-06-19 02:02:29 --> Got row asArray
(
    [number] => 1
    [total] => 5500.00
    [total_tax] => 0.00
    [vendor] => 1
    [pur_request] => 13
    [date] => 2025-06-08
    [expirydate] => 2025-06-08
    [status] => 2
    [id] => 1
    [invoiceid] => 
    [deleted_vendor_name] => 
    [currency] => 
    [company] => Surya Infotech
    [pur_rq_name] => #-00005-2025
    [pur_rq_code] => #-00005-2025
)

ERROR - 2025-06-19 02:02:29 --> Got row asArray
(
    [number] => 2
    [total] => 3300.00
    [total_tax] => 300.00
    [vendor] => 3
    [pur_request] => 15
    [date] => 2025-06-13
    [expirydate] => 2025-06-13
    [status] => 1
    [id] => 2
    [invoiceid] => 
    [deleted_vendor_name] => 
    [currency] => INR
    [company] => RDYSOLUTIONS
    [pur_rq_name] => #RAJ-00007-2025
    [pur_rq_code] => #RAJ-00007-2025
)

ERROR - 2025-06-19 02:02:29 --> Got row asArray
(
    [number] => 3
    [total] => 5095.20
    [total_tax] => 463.20
    [vendor] => 3
    [pur_request] => 15
    [date] => 2025-06-18
    [expirydate] => 2025-06-18
    [status] => 1
    [id] => 3
    [invoiceid] => 
    [deleted_vendor_name] => 
    [currency] => INR
    [company] => RDYSOLUTIONS
    [pur_rq_name] => #RAJ-00007-2025
    [pur_rq_code] => #RAJ-00007-2025
)

ERROR - 2025-06-19 02:02:29 --> Got row asArray
(
    [number] => 4
    [total] => 5095.20
    [total_tax] => 463.20
    [vendor] => 1
    [pur_request] => 16
    [date] => 2025-06-18
    [expirydate] => 2025-06-28
    [status] => 1
    [id] => 4
    [invoiceid] => 
    [deleted_vendor_name] => 
    [currency] => 
    [company] => Surya Infotech
    [pur_rq_name] => #RAJ-00008-2025
    [pur_rq_code] => #RAJ-00008-2025
)

CRITICAL - 2025-06-19 02:02:38 --> Hitting the api
CRITICAL - 2025-06-19 02:02:38 --> CodeIgniter\Database\MySQLi\Builder Object
(
    [resetDeleteData:protected] => 
    [QBSelect:protected] => Array
        (
        )

    [QBDistinct:protected] => 
    [QBFrom:protected] => Array
        (
            [0] => `rise_pur_approval_details`
        )

    [QBJoin:protected] => Array
        (
        )

    [QBWhere:protected] => Array
        (
        )

    [QBGroupBy] => Array
        (
        )

    [QBHaving:protected] => Array
        (
        )

    [QBKeys:protected] => Array
        (
        )

    [QBLimit:protected] => 
    [QBOffset:protected] => 
    [QBOrderBy] => Array
        (
        )

    [QBUnion:protected] => Array
        (
        )

    [QBNoEscape] => Array
        (
        )

    [QBSet:protected] => Array
        (
        )

    [QBWhereGroupStarted:protected] => 
    [QBWhereGroupCount:protected] => 0
    [QBIgnore:protected] => 
    [db:protected] => CodeIgniter\Database\MySQLi\Connection Object
        (
            [DSN:protected] => 
            [port:protected] => 3306
            [hostname:protected] => localhost
            [username:protected] => root
            [password:protected] => 
            [database:protected] => db_rsra_crm
            [DBDriver] => MySQLi
            [subdriver:protected] => 
            [DBPrefix:protected] => rise_
            [pConnect:protected] => 
            [DBDebug:protected] => 1
            [charset:protected] => utf8
            [DBCollat:protected] => utf8_general_ci
            [swapPre:protected] => 
            [encrypt:protected] => 
            [compress:protected] => 
            [strictOn:protected] => 
            [failover:protected] => Array
                (
                )

            [lastQuery:protected] => CodeIgniter\Database\Query Object
                (
                    [originalQueryString:protected] => INSERT INTO `rise_pur_approval_details` (`action`, `staffid`, `date_send`, `rel_id`, `rel_type`, `sender`) VALUES (:action:, :staffid:, :date_send:, :rel_id:, :rel_type:, :sender:)
                    [finalQueryString:protected] => INSERT INTO `rise_pur_approval_details` (`action`, `staffid`, `date_send`, `rel_id`, `rel_type`, `sender`) VALUES ('approve', '9', '2025-06-19 02:02:38', '4', 'pur_quotation', '1')
                    [binds:protected] => Array
                        (
                            [action] => Array
                                (
                                    [0] => approve
                                    [1] => 1
                                )

                            [staffid] => Array
                                (
                                    [0] => 9
                                    [1] => 1
                                )

                            [date_send] => Array
                                (
                                    [0] => 2025-06-19 02:02:38
                                    [1] => 1
                                )

                            [rel_id] => Array
                                (
                                    [0] => 4
                                    [1] => 1
                                )

                            [rel_type] => Array
                                (
                                    [0] => pur_quotation
                                    [1] => 1
                                )

                            [sender] => Array
                                (
                                    [0] => 1
                                    [1] => 1
                                )

                        )

                    [bindMarker:protected] => ?
                    [startTime:protected] => 1750316558.3095
                    [endTime:protected] => 1750316558.3124
                    [errorCode:protected] => 
                    [errorString:protected] => 
                    [db] => CodeIgniter\Database\MySQLi\Connection Object
 *RECURSION*
                )

            [connID] => mysqli Object
                (
                    [affected_rows] => 1
                    [client_info] => mysqlnd 8.1.25
                    [client_version] => 80125
                    [connect_errno] => 0
                    [connect_error] => 
                    [errno] => 0
                    [error] => 
                    [error_list] => Array
                        (
                        )

                    [field_count] => 0
                    [host_info] => localhost via TCP/IP
                    [info] => 
                    [insert_id] => 34
                    [server_info] => 10.4.32-MariaDB
                    [server_version] => 100432
                    [sqlstate] => 00000
                    [protocol_version] => 10
                    [thread_id] => 19815
                    [warning_count] => 0
                )

            [resultID] => 1
            [protectIdentifiers] => 1
            [reservedIdentifiers:protected] => Array
                (
                    [0] => *
                )

            [escapeChar] => `
            [likeEscapeStr] =>  ESCAPE '%s' 
            [likeEscapeChar] => !
            [pregEscapeChar:protected] => Array
                (
                    [1] => `
                    [0] => `
                    [3] => `
                    [2] => `
                )

            [dataCache] => Array
                (
                )

            [connectTime:protected] => 1750316558.2498
            [connectDuration:protected] => 0.00077009201049805
            [pretend:protected] => 
            [transEnabled] => 1
            [transStrict] => 1
            [transDepth:protected] => 0
            [transStatus:protected] => 1
            [transFailure:protected] => 
            [aliasedTables:protected] => Array
                (
                )

            [queryClass:protected] => CodeIgniter\Database\Query
            [deleteHack] => 1
            [mysqli] => mysqli Object
                (
                    [affected_rows] => 1
                    [client_info] => mysqlnd 8.1.25
                    [client_version] => 80125
                    [connect_errno] => 0
                    [connect_error] => 
                    [errno] => 0
                    [error] => 
                    [error_list] => Array
                        (
                        )

                    [field_count] => 0
                    [host_info] => localhost via TCP/IP
                    [info] => 
                    [insert_id] => 34
                    [server_info] => 10.4.32-MariaDB
                    [server_version] => 100432
                    [sqlstate] => 00000
                    [protocol_version] => 10
                    [thread_id] => 19815
                    [warning_count] => 0
                )

            [resultMode] => 0
        )

    [tableName:protected] => rise_pur_approval_details
    [randomKeyword:protected] => Array
        (
            [0] => RAND()
            [1] => RAND(%d)
        )

    [countString:protected] => SELECT COUNT(*) AS 
    [binds:protected] => Array
        (
        )

    [bindsKeyCount:protected] => Array
        (
        )

    [canLimitDeletes:protected] => 1
    [canLimitWhereUpdates:protected] => 1
    [supportedIgnoreStatements:protected] => Array
        (
            [update] => IGNORE
            [insert] => IGNORE
            [delete] => IGNORE
        )

    [testMode:protected] => 
    [joinTypes:protected] => Array
        (
            [0] => LEFT
            [1] => RIGHT
            [2] => OUTER
            [3] => INNER
            [4] => LEFT OUTER
            [5] => RIGHT OUTER
        )

    [isLiteralStr:protected] => Array
        (
        )

    [pregOperators:protected] => Array
        (
        )

    [escapeChar:protected] => `
)

CRITICAL - 2025-06-19 02:02:38 --> 
ERROR - 2025-06-19 02:03:02 --> DEBUG: $sGroupBy = 
ERROR - 2025-06-19 03:11:39 --> DEBUG: $sGroupBy = 
ERROR - 2025-06-19 03:13:16 --> DEBUG: $sGroupBy = 
ERROR - 2025-06-19 03:13:22 --> DEBUG: $sGroupBy = 
CRITICAL - 2025-06-19 03:13:27 --> Hitting the api
CRITICAL - 2025-06-19 03:13:27 --> CodeIgniter\Database\MySQLi\Builder Object
(
    [resetDeleteData:protected] => 
    [QBSelect:protected] => Array
        (
        )

    [QBDistinct:protected] => 
    [QBFrom:protected] => Array
        (
            [0] => `rise_pur_approval_details`
        )

    [QBJoin:protected] => Array
        (
        )

    [QBWhere:protected] => Array
        (
        )

    [QBGroupBy] => Array
        (
        )

    [QBHaving:protected] => Array
        (
        )

    [QBKeys:protected] => Array
        (
        )

    [QBLimit:protected] => 
    [QBOffset:protected] => 
    [QBOrderBy] => Array
        (
        )

    [QBUnion:protected] => Array
        (
        )

    [QBNoEscape] => Array
        (
        )

    [QBSet:protected] => Array
        (
        )

    [QBWhereGroupStarted:protected] => 
    [QBWhereGroupCount:protected] => 0
    [QBIgnore:protected] => 
    [db:protected] => CodeIgniter\Database\MySQLi\Connection Object
        (
            [DSN:protected] => 
            [port:protected] => 3306
            [hostname:protected] => localhost
            [username:protected] => root
            [password:protected] => 
            [database:protected] => db_rsra_crm
            [DBDriver] => MySQLi
            [subdriver:protected] => 
            [DBPrefix:protected] => rise_
            [pConnect:protected] => 
            [DBDebug:protected] => 1
            [charset:protected] => utf8
            [DBCollat:protected] => utf8_general_ci
            [swapPre:protected] => 
            [encrypt:protected] => 
            [compress:protected] => 
            [strictOn:protected] => 
            [failover:protected] => Array
                (
                )

            [lastQuery:protected] => CodeIgniter\Database\Query Object
                (
                    [originalQueryString:protected] => INSERT INTO `rise_pur_approval_details` (`action`, `staffid`, `date_send`, `rel_id`, `rel_type`, `sender`) VALUES (:action:, :staffid:, :date_send:, :rel_id:, :rel_type:, :sender:)
                    [finalQueryString:protected] => INSERT INTO `rise_pur_approval_details` (`action`, `staffid`, `date_send`, `rel_id`, `rel_type`, `sender`) VALUES ('approve', '9', '2025-06-19 03:13:27', '10', 'pur_request', '1')
                    [binds:protected] => Array
                        (
                            [action] => Array
                                (
                                    [0] => approve
                                    [1] => 1
                                )

                            [staffid] => Array
                                (
                                    [0] => 9
                                    [1] => 1
                                )

                            [date_send] => Array
                                (
                                    [0] => 2025-06-19 03:13:27
                                    [1] => 1
                                )

                            [rel_id] => Array
                                (
                                    [0] => 10
                                    [1] => 1
                                )

                            [rel_type] => Array
                                (
                                    [0] => pur_request
                                    [1] => 1
                                )

                            [sender] => Array
                                (
                                    [0] => 1
                                    [1] => 1
                                )

                        )

                    [bindMarker:protected] => ?
                    [startTime:protected] => 1750320807.0376
                    [endTime:protected] => 1750320807.0492
                    [errorCode:protected] => 
                    [errorString:protected] => 
                    [db] => CodeIgniter\Database\MySQLi\Connection Object
 *RECURSION*
                )

            [connID] => mysqli Object
                (
                    [affected_rows] => 1
                    [client_info] => mysqlnd 8.1.25
                    [client_version] => 80125
                    [connect_errno] => 0
                    [connect_error] => 
                    [errno] => 0
                    [error] => 
                    [error_list] => Array
                        (
                        )

                    [field_count] => 0
                    [host_info] => localhost via TCP/IP
                    [info] => 
                    [insert_id] => 35
                    [server_info] => 10.4.32-MariaDB
                    [server_version] => 100432
                    [sqlstate] => 00000
                    [protocol_version] => 10
                    [thread_id] => 105
                    [warning_count] => 0
                )

            [resultID] => 1
            [protectIdentifiers] => 1
            [reservedIdentifiers:protected] => Array
                (
                    [0] => *
                )

            [escapeChar] => `
            [likeEscapeStr] =>  ESCAPE '%s' 
            [likeEscapeChar] => !
            [pregEscapeChar:protected] => Array
                (
                    [1] => `
                    [0] => `
                    [3] => `
                    [2] => `
                )

            [dataCache] => Array
                (
                )

            [connectTime:protected] => 1750320806.9656
            [connectDuration:protected] => 0.021145105361938
            [pretend:protected] => 
            [transEnabled] => 1
            [transStrict] => 1
            [transDepth:protected] => 0
            [transStatus:protected] => 1
            [transFailure:protected] => 
            [aliasedTables:protected] => Array
                (
                )

            [queryClass:protected] => CodeIgniter\Database\Query
            [deleteHack] => 1
            [mysqli] => mysqli Object
                (
                    [affected_rows] => 1
                    [client_info] => mysqlnd 8.1.25
                    [client_version] => 80125
                    [connect_errno] => 0
                    [connect_error] => 
                    [errno] => 0
                    [error] => 
                    [error_list] => Array
                        (
                        )

                    [field_count] => 0
                    [host_info] => localhost via TCP/IP
                    [info] => 
                    [insert_id] => 35
                    [server_info] => 10.4.32-MariaDB
                    [server_version] => 100432
                    [sqlstate] => 00000
                    [protocol_version] => 10
                    [thread_id] => 105
                    [warning_count] => 0
                )

            [resultMode] => 0
        )

    [tableName:protected] => rise_pur_approval_details
    [randomKeyword:protected] => Array
        (
            [0] => RAND()
            [1] => RAND(%d)
        )

    [countString:protected] => SELECT COUNT(*) AS 
    [binds:protected] => Array
        (
        )

    [bindsKeyCount:protected] => Array
        (
        )

    [canLimitDeletes:protected] => 1
    [canLimitWhereUpdates:protected] => 1
    [supportedIgnoreStatements:protected] => Array
        (
            [update] => IGNORE
            [insert] => IGNORE
            [delete] => IGNORE
        )

    [testMode:protected] => 
    [joinTypes:protected] => Array
        (
            [0] => LEFT
            [1] => RIGHT
            [2] => OUTER
            [3] => INNER
            [4] => LEFT OUTER
            [5] => RIGHT OUTER
        )

    [isLiteralStr:protected] => Array
        (
        )

    [pregOperators:protected] => Array
        (
        )

    [escapeChar:protected] => `
)

CRITICAL - 2025-06-19 03:13:27 --> CodeIgniter\Database\MySQLi\Builder Object
(
    [resetDeleteData:protected] => 
    [QBSelect:protected] => Array
        (
        )

    [QBDistinct:protected] => 
    [QBFrom:protected] => Array
        (
            [0] => `rise_pur_approval_details`
        )

    [QBJoin:protected] => Array
        (
        )

    [QBWhere:protected] => Array
        (
        )

    [QBGroupBy] => Array
        (
        )

    [QBHaving:protected] => Array
        (
        )

    [QBKeys:protected] => Array
        (
        )

    [QBLimit:protected] => 
    [QBOffset:protected] => 
    [QBOrderBy] => Array
        (
        )

    [QBUnion:protected] => Array
        (
        )

    [QBNoEscape] => Array
        (
        )

    [QBSet:protected] => Array
        (
        )

    [QBWhereGroupStarted:protected] => 
    [QBWhereGroupCount:protected] => 0
    [QBIgnore:protected] => 
    [db:protected] => CodeIgniter\Database\MySQLi\Connection Object
        (
            [DSN:protected] => 
            [port:protected] => 3306
            [hostname:protected] => localhost
            [username:protected] => root
            [password:protected] => 
            [database:protected] => db_rsra_crm
            [DBDriver] => MySQLi
            [subdriver:protected] => 
            [DBPrefix:protected] => rise_
            [pConnect:protected] => 
            [DBDebug:protected] => 1
            [charset:protected] => utf8
            [DBCollat:protected] => utf8_general_ci
            [swapPre:protected] => 
            [encrypt:protected] => 
            [compress:protected] => 
            [strictOn:protected] => 
            [failover:protected] => Array
                (
                )

            [lastQuery:protected] => CodeIgniter\Database\Query Object
                (
                    [originalQueryString:protected] => INSERT INTO `rise_pur_approval_details` (`action`, `staffid`, `date_send`, `rel_id`, `rel_type`, `sender`) VALUES (:action:, :staffid:, :date_send:, :rel_id:, :rel_type:, :sender:)
                    [finalQueryString:protected] => INSERT INTO `rise_pur_approval_details` (`action`, `staffid`, `date_send`, `rel_id`, `rel_type`, `sender`) VALUES ('approve', '8', '2025-06-19 03:13:27', '10', 'pur_request', '1')
                    [binds:protected] => Array
                        (
                            [action] => Array
                                (
                                    [0] => approve
                                    [1] => 1
                                )

                            [staffid] => Array
                                (
                                    [0] => 8
                                    [1] => 1
                                )

                            [date_send] => Array
                                (
                                    [0] => 2025-06-19 03:13:27
                                    [1] => 1
                                )

                            [rel_id] => Array
                                (
                                    [0] => 10
                                    [1] => 1
                                )

                            [rel_type] => Array
                                (
                                    [0] => pur_request
                                    [1] => 1
                                )

                            [sender] => Array
                                (
                                    [0] => 1
                                    [1] => 1
                                )

                        )

                    [bindMarker:protected] => ?
                    [startTime:protected] => 1750320807.0502
                    [endTime:protected] => 1750320807.0515
                    [errorCode:protected] => 
                    [errorString:protected] => 
                    [db] => CodeIgniter\Database\MySQLi\Connection Object
 *RECURSION*
                )

            [connID] => mysqli Object
                (
                    [affected_rows] => 1
                    [client_info] => mysqlnd 8.1.25
                    [client_version] => 80125
                    [connect_errno] => 0
                    [connect_error] => 
                    [errno] => 0
                    [error] => 
                    [error_list] => Array
                        (
                        )

                    [field_count] => 0
                    [host_info] => localhost via TCP/IP
                    [info] => 
                    [insert_id] => 36
                    [server_info] => 10.4.32-MariaDB
                    [server_version] => 100432
                    [sqlstate] => 00000
                    [protocol_version] => 10
                    [thread_id] => 105
                    [warning_count] => 0
                )

            [resultID] => 1
            [protectIdentifiers] => 1
            [reservedIdentifiers:protected] => Array
                (
                    [0] => *
                )

            [escapeChar] => `
            [likeEscapeStr] =>  ESCAPE '%s' 
            [likeEscapeChar] => !
            [pregEscapeChar:protected] => Array
                (
                    [1] => `
                    [0] => `
                    [3] => `
                    [2] => `
                )

            [dataCache] => Array
                (
                )

            [connectTime:protected] => 1750320806.9656
            [connectDuration:protected] => 0.021145105361938
            [pretend:protected] => 
            [transEnabled] => 1
            [transStrict] => 1
            [transDepth:protected] => 0
            [transStatus:protected] => 1
            [transFailure:protected] => 
            [aliasedTables:protected] => Array
                (
                )

            [queryClass:protected] => CodeIgniter\Database\Query
            [deleteHack] => 1
            [mysqli] => mysqli Object
                (
                    [affected_rows] => 1
                    [client_info] => mysqlnd 8.1.25
                    [client_version] => 80125
                    [connect_errno] => 0
                    [connect_error] => 
                    [errno] => 0
                    [error] => 
                    [error_list] => Array
                        (
                        )

                    [field_count] => 0
                    [host_info] => localhost via TCP/IP
                    [info] => 
                    [insert_id] => 36
                    [server_info] => 10.4.32-MariaDB
                    [server_version] => 100432
                    [sqlstate] => 00000
                    [protocol_version] => 10
                    [thread_id] => 105
                    [warning_count] => 0
                )

            [resultMode] => 0
        )

    [tableName:protected] => rise_pur_approval_details
    [randomKeyword:protected] => Array
        (
            [0] => RAND()
            [1] => RAND(%d)
        )

    [countString:protected] => SELECT COUNT(*) AS 
    [binds:protected] => Array
        (
        )

    [bindsKeyCount:protected] => Array
        (
        )

    [canLimitDeletes:protected] => 1
    [canLimitWhereUpdates:protected] => 1
    [supportedIgnoreStatements:protected] => Array
        (
            [update] => IGNORE
            [insert] => IGNORE
            [delete] => IGNORE
        )

    [testMode:protected] => 
    [joinTypes:protected] => Array
        (
            [0] => LEFT
            [1] => RIGHT
            [2] => OUTER
            [3] => INNER
            [4] => LEFT OUTER
            [5] => RIGHT OUTER
        )

    [isLiteralStr:protected] => Array
        (
        )

    [pregOperators:protected] => Array
        (
        )

    [escapeChar:protected] => `
)

CRITICAL - 2025-06-19 03:13:27 --> 1
ERROR - 2025-06-19 03:13:29 --> Email: sendWithMail throwed mail(): Failed to connect to mailserver at &quot;localhost&quot; port 25, verify your &quot;SMTP&quot; and &quot;smtp_port&quot; setting in php.ini or use ini_set()
CRITICAL - 2025-06-19 03:13:29 --> Unable to send email using PHP mail(). Your server might not be configured to send mail using this method.<br /><pre>Date: Thu, 19 Jun 2025 03:13:27 -0500
From: &lt;&gt;
Return-Path: &lt;&gt;
Reply-To: &lt;&gt;
User-Agent: CodeIgniter
X-Mailer: CodeIgniter
X-Priority: 3 (Normal)
Message-ID: &lt;6853c6a7a4ab52.44005106&gt;
Mime-Version: 1.0
Content-Type: multipart/alternative; boundary=&quot;B_ALT_6853c6a7a4aca4.91435808&quot;
=?UTF-8?Q?default=5Flang.request=5Fapproval?=
This is a multi-part message in MIME format.
Your email application may not support this format.

--B_ALT_6853c6a7a4aca4.91435808
Content-Type: text/plain; charset=UTF-8
Content-Transfer-Encoding: 8bit

You receive an approval request Purchase Request
http://localhost/rsra_new/rsra/index.php/purchase/view_pur_request/10 from
Sumit Ranjan


--B_ALT_6853c6a7a4aca4.91435808
Content-Type: text/html; charset=UTF-8
Content-Transfer-Encoding: quoted-printable

You receive an approval request Purchase Request &lt;a href=3D&quot;http://localhos=
t/rsra_new/rsra/index.php/purchase/view_pur_request/10&quot;&gt;http://localhost/rs=
ra_new/rsra/index.php/purchase/view_pur_request/10&lt;/a&gt; from Sumit Ranjan

--B_ALT_6853c6a7a4aca4.91435808--</pre>
in APPPATH\Helpers\general_helper.php on line 662.
 1 FCPATH\plugins\Purchase\Models\Purchase_model.php(3376): send_app_mail('ananddhariwalrs@gmail.com', 'default_lang.request_approval', 'You receive an approval request Purchase Request <a href="http://localhost/rsra_new/rsra/index.php/purchase/view_pur_request/10">http://localhost/rsra_new/rsra/index.php/purchase/view_pur_request/10</a> from Sumit Ranjan')
 2 FCPATH\plugins\Purchase\Controllers\Purchase.php(2632): Purchase\Models\Purchase_model->send_mail([...])
 3 SYSTEMPATH\CodeIgniter.php(896): Purchase\Controllers\Purchase->send_mail()
 4 SYSTEMPATH\CodeIgniter.php(466): CodeIgniter\CodeIgniter->runController(Object(Purchase\Controllers\Purchase))
 5 SYSTEMPATH\CodeIgniter.php(349): CodeIgniter\CodeIgniter->handleRequest(null, Object(Config\Cache), false)
 6 FCPATH\index.php(80): CodeIgniter\CodeIgniter->run()
ERROR - 2025-06-19 03:13:48 --> DEBUG: $sGroupBy = 
ERROR - 2025-06-19 03:14:06 --> DEBUG: $sGroupBy = 
ERROR - 2025-06-19 03:14:17 --> Email: sendWithMail throwed mail(): Failed to connect to mailserver at &quot;localhost&quot; port 25, verify your &quot;SMTP&quot; and &quot;smtp_port&quot; setting in php.ini or use ini_set()
CRITICAL - 2025-06-19 03:14:17 --> Unable to send email using PHP mail(). Your server might not be configured to send mail using this method.<br /><pre>Date: Thu, 19 Jun 2025 03:14:15 -0500
From: &lt;&gt;
Return-Path: &lt;&gt;
Reply-To: &lt;&gt;
User-Agent: CodeIgniter
X-Mailer: CodeIgniter
X-Priority: 3 (Normal)
Message-ID: &lt;6853c6d777b498.63412457&gt;
Mime-Version: 1.0
Content-Type: multipart/alternative; boundary=&quot;B_ALT_6853c6d777b5f2.25419241&quot;
=?UTF-8?Q?Approval=20notification?=
This is a multi-part message in MIME format.
Your email application may not support this format.

--B_ALT_6853c6d777b5f2.25419241
Content-Type: text/plain; charset=UTF-8
Content-Transfer-Encoding: 8bit

default_lang.send_approve Purchase Request
http://localhost/rsra_new/rsra/index.php/purchase/view_pur_request/12 by
Anand Dhariwal


--B_ALT_6853c6d777b5f2.25419241
Content-Type: text/html; charset=UTF-8
Content-Transfer-Encoding: quoted-printable

default_lang.send_approve Purchase Request &lt;a href=3D&quot;http://localhost/rsra=
_new/rsra/index.php/purchase/view_pur_request/12&quot;&gt;http://localhost/rsra_new=
/rsra/index.php/purchase/view_pur_request/12&lt;/a&gt;  by Anand Dhariwal

--B_ALT_6853c6d777b5f2.25419241--</pre>
in APPPATH\Helpers\general_helper.php on line 662.
 1 FCPATH\plugins\Purchase\Models\Purchase_model.php(3406): send_app_mail('sumitranjan245@gmail.com', 'Approval notification', 'default_lang.send_approve Purchase Request <a href="http://localhost/rsra_new/rsra/index.php/purchase/view_pur_request/12">http://localhost/rsra_new/rsra/index.php/purchase/view_pur_request/12</a>  by Anand Dhariwal')
 2 FCPATH\plugins\Purchase\Controllers\Purchase.php(2632): Purchase\Models\Purchase_model->send_mail([...])
 3 SYSTEMPATH\CodeIgniter.php(896): Purchase\Controllers\Purchase->send_mail()
 4 SYSTEMPATH\CodeIgniter.php(466): CodeIgniter\CodeIgniter->runController(Object(Purchase\Controllers\Purchase))
 5 SYSTEMPATH\CodeIgniter.php(349): CodeIgniter\CodeIgniter->handleRequest(null, Object(Config\Cache), false)
 6 FCPATH\index.php(80): CodeIgniter\CodeIgniter->run()
CRITICAL - 2025-06-19 04:02:17 --> The action you requested is not allowed.
in SYSTEMPATH\Security\Security.php on line 286.
 1 SYSTEMPATH\Security\Security.php(286): CodeIgniter\Security\Exceptions\SecurityException::forDisallowedAction()
 2 SYSTEMPATH\Filters\CSRF.php(54): CodeIgniter\Security\Security->verify(Object(CodeIgniter\HTTP\IncomingRequest))
 3 SYSTEMPATH\Filters\Filters.php(173): CodeIgniter\Filters\CSRF->before(Object(CodeIgniter\HTTP\IncomingRequest), null)
 4 SYSTEMPATH\CodeIgniter.php(440): CodeIgniter\Filters\Filters->run('messages/count_notifications', 'before')
 5 SYSTEMPATH\CodeIgniter.php(349): CodeIgniter\CodeIgniter->handleRequest(null, Object(Config\Cache), false)
 6 FCPATH\index.php(80): CodeIgniter\CodeIgniter->run()
ERROR - 2025-06-19 04:57:32 --> DEBUG: $sGroupBy = 
ERROR - 2025-06-19 04:58:07 --> DEBUG: $sGroupBy = 
ERROR - 2025-06-19 04:58:36 --> DEBUG: $sGroupBy = 
ERROR - 2025-06-19 04:59:04 --> DEBUG: $sGroupBy = 
ERROR - 2025-06-19 04:59:25 --> DEBUG: $sGroupBy = 
ERROR - 2025-06-19 04:59:34 --> DEBUG: $sGroupBy = 
ERROR - 2025-06-19 04:59:36 --> DEBUG: $sGroupBy = 
ERROR - 2025-06-19 04:59:37 --> DEBUG: $sGroupBy = 
ERROR - 2025-06-19 05:00:14 --> DEBUG: $sGroupBy = 
ERROR - 2025-06-19 05:00:54 --> DEBUG: $sGroupBy = 
ERROR - 2025-06-19 05:01:07 --> DEBUG: $sGroupBy = 
ERROR - 2025-06-19 05:01:14 --> DEBUG: $sGroupBy = 
ERROR - 2025-06-19 05:01:15 --> DEBUG: $sGroupBy = 
ERROR - 2025-06-19 05:01:15 --> DEBUG: $sGroupBy = 
ERROR - 2025-06-19 05:01:20 --> DEBUG: $sGroupBy = 
ERROR - 2025-06-19 05:01:21 --> DEBUG: $sGroupBy = 
ERROR - 2025-06-19 05:01:22 --> DEBUG: $sGroupBy = 
ERROR - 2025-06-19 05:01:30 --> DEBUG: $sGroupBy = 
ERROR - 2025-06-19 05:02:09 --> DEBUG: $sGroupBy = 
ERROR - 2025-06-19 05:03:06 --> DEBUG: $sGroupBy = 
ERROR - 2025-06-19 05:03:44 --> DEBUG: $sGroupBy = 
ERROR - 2025-06-19 05:03:49 --> DEBUG: $sGroupBy = 
ERROR - 2025-06-19 05:03:50 --> DEBUG: $sGroupBy = 
ERROR - 2025-06-19 05:03:53 --> DEBUG: $sGroupBy = 
ERROR - 2025-06-19 05:05:08 --> DEBUG: $sGroupBy = 
ERROR - 2025-06-19 05:05:09 --> DEBUG: $sGroupBy = 
ERROR - 2025-06-19 05:05:10 --> DEBUG: $sGroupBy = 
ERROR - 2025-06-19 05:05:11 --> DEBUG: $sGroupBy = 
ERROR - 2025-06-19 05:05:15 --> DEBUG: $sGroupBy = 
ERROR - 2025-06-19 05:05:17 --> DEBUG: $sGroupBy = 
ERROR - 2025-06-19 05:05:17 --> DEBUG: $sGroupBy = 
ERROR - 2025-06-19 05:05:19 --> DEBUG: $sGroupBy = 
CRITICAL - 2025-06-19 05:14:03 --> The action you requested is not allowed.
in SYSTEMPATH\Security\Security.php on line 286.
 1 SYSTEMPATH\Security\Security.php(286): CodeIgniter\Security\Exceptions\SecurityException::forDisallowedAction()
 2 SYSTEMPATH\Filters\CSRF.php(54): CodeIgniter\Security\Security->verify(Object(CodeIgniter\HTTP\IncomingRequest))
 3 SYSTEMPATH\Filters\Filters.php(173): CodeIgniter\Filters\CSRF->before(Object(CodeIgniter\HTTP\IncomingRequest), null)
 4 SYSTEMPATH\CodeIgniter.php(440): CodeIgniter\Filters\Filters->run('messages/count_notifications', 'before')
 5 SYSTEMPATH\CodeIgniter.php(349): CodeIgniter\CodeIgniter->handleRequest(null, Object(Config\Cache), false)
 6 FCPATH\index.php(80): CodeIgniter\CodeIgniter->run()
