ERROR - 2025-06-26 00:47:01 --> DEBUG: $sGroupBy = 
ERROR - 2025-06-26 00:47:17 --> DEBUG: $sGroupBy = 
ERROR - 2025-06-26 00:48:11 --> DEBUG: $sGroupBy = 
ERROR - 2025-06-26 00:48:21 --> DEBUG: $sGroupBy = 
ERROR - 2025-06-26 00:53:02 --> DEBUG: $sGroupBy = 
ERROR - 2025-06-26 00:53:09 --> DEBUG: $sGroupBy = 
ERROR - 2025-06-26 00:53:14 --> DEBUG: $sGroupBy = 
ERROR - 2025-06-26 00:53:14 --> Array
(
    [rResult] => Array
        (
            [0] => Array
                (
                    [pur_rq_code] => #RAJ-00008-2025
                    [requester] => 1
                    [department] => 2
                    [request_date] => 2025-06-16 00:26:21
                    [status] => 2
                    [id] => 16
                    [title] => Electrical
                    [first_name] => Sumit
                    [last_name] => Ranjan
                    [items] => Array
                        (
                            [0] => Array
                                (
                                    [title] => CABLE
                                    [sku_code] => ABCD
                                    [sku_name] => abcd
                                    [quantity] => 1.00
                                    [unit_price] => 3000.00
                                )

                        )

                )

            [1] => Array
                (
                    [pur_rq_code] => #RAJ-00007-2025
                    [requester] => 1
                    [department] => 2
                    [request_date] => 2025-06-13 00:59:39
                    [status] => 2
                    [id] => 15
                    [title] => Electrical
                    [first_name] => Sumit
                    [last_name] => Ranjan
                    [items] => Array
                        (
                            [0] => Array
                                (
                                    [title] => CABLE
                                    [sku_code] => ABCD
                                    [sku_name] => abcd
                                    [quantity] => 1.00
                                    [unit_price] => 3000.00
                                )

                        )

                )

            [2] => Array
                (
                    [pur_rq_code] => #KOMAL-00012-2025
                    [requester] => 1
                    [department] => 1
                    [request_date] => 2025-06-25 04:03:40
                    [status] => 1
                    [id] => 20
                    [title] => Design
                    [first_name] => Sumit
                    [last_name] => Ranjan
                    [items] => Array
                        (
                            [0] => Array
                                (
                                    [title] => Male Female Connector
                                    [sku_code] => MFCONN
                                    [sku_name] => MFCONN
                                    [quantity] => 1.00
                                    [unit_price] => 
                                )

                            [1] => Array
                                (
                                    [title] => Sanwa-Denki -9WF0424S604B
                                    [sku_code] => 9WF0424S604B
                                    [sku_name] => 9WF0424S604B
                                    [quantity] => 1.00
                                    [unit_price] => 
                                )

                        )

                )

            [3] => Array
                (
                    [pur_rq_code] => #KOMAL-00011-2025
                    [requester] => 1
                    [department] => 1
                    [request_date] => 2025-06-25 00:45:56
                    [status] => 2
                    [id] => 19
                    [title] => Design
                    [first_name] => Sumit
                    [last_name] => Ranjan
                    [items] => Array
                        (
                            [0] => Array
                                (
                                    [title] => Test Product
                                    [sku_code] => TESTPROD
                                    [sku_name] => TESTPROD
                                    [quantity] => 1.00
                                    [unit_price] => 
                                )

                            [1] => Array
                                (
                                    [title] => Cable Tie (100MM)
                                    [sku_code] => CBLTY
                                    [sku_name] => CBLTY
                                    [quantity] => 1.00
                                    [unit_price] => 
                                )

                        )

                )

            [4] => Array
                (
                    [pur_rq_code] => #KOMAL-00010-2025
                    [requester] => 67
                    [department] => 2
                    [request_date] => 2025-06-16 04:30:02
                    [status] => 2
                    [id] => 18
                    [title] => Electrical
                    [first_name] => Vishnu
                    [last_name] => Singh
                    [items] => Array
                        (
                            [0] => Array
                                (
                                    [title] => LASER SENSOR -ML100-55/102/115 (P&F)
                                    [sku_code] => LSRSENSOR
                                    [sku_name] => LSRSENSOR
                                    [quantity] => 4.00
                                    [unit_price] => 1.00
                                )

                        )

                )

            [5] => Array
                (
                    [pur_rq_code] => #KOMAL-00009-2025
                    [requester] => 8
                    [department] => 2
                    [request_date] => 2025-06-16 01:24:06
                    [status] => 1
                    [id] => 17
                    [title] => Electrical
                    [first_name] => Tikam
                    [last_name] => Singh
                    [items] => Array
                        (
                            [0] => Array
                                (
                                    [title] => Male Female Connector
                                    [sku_code] => MFCONN
                                    [sku_name] => MFCONN
                                    [quantity] => 1.00
                                    [unit_price] => 1000.00
                                )

                        )

                )

            [6] => Array
                (
                    [pur_rq_code] => #-00006-2025
                    [requester] => 1
                    [department] => 3
                    [request_date] => 2025-06-08 13:22:33
                    [status] => 1
                    [id] => 14
                    [title] => HR
                    [first_name] => Sumit
                    [last_name] => Ranjan
                    [items] => Array
                        (
                            [0] => Array
                                (
                                    [title] => Sanwa-Denki -9WF0424S604B
                                    [sku_code] => 9WF0424S604B
                                    [sku_name] => 9WF0424S604B
                                    [quantity] => 1.00
                                    [unit_price] => 5000.00
                                )

                        )

                )

            [7] => Array
                (
                    [pur_rq_code] => #-00005-2025
                    [requester] => 1
                    [department] => 0
                    [request_date] => 2025-06-08 06:53:51
                    [status] => 2
                    [id] => 13
                    [title] => 
                    [first_name] => Sumit
                    [last_name] => Ranjan
                    [items] => Array
                        (
                            [0] => Array
                                (
                                    [title] => Sanwa-Denki -9WF0424S604B
                                    [sku_code] => 9WF0424S604B
                                    [sku_name] => 9WF0424S604B
                                    [quantity] => 1.00
                                    [unit_price] => 5000.00
                                )

                        )

                )

            [8] => Array
                (
                    [pur_rq_code] => #-00004-2025
                    [requester] => 1
                    [department] => 0
                    [request_date] => 2025-06-07 15:03:34
                    [status] => 2
                    [id] => 12
                    [title] => 
                    [first_name] => Sumit
                    [last_name] => Ranjan
                    [items] => Array
                        (
                            [0] => Array
                                (
                                    [title] => 
                                    [sku_code] => 
                                    [sku_name] => 
                                    [quantity] => 1.00
                                    [unit_price] => 1.00
                                )

                        )

                )

            [9] => Array
                (
                    [pur_rq_code] => #-00002-2025
                    [requester] => 1
                    [department] => 0
                    [request_date] => 2025-06-07 15:00:22
                    [status] => 1
                    [id] => 10
                    [title] => 
                    [first_name] => Sumit
                    [last_name] => Ranjan
                    [items] => Array
                        (
                            [0] => Array
                                (
                                    [title] => Panel Square Light
                                    [sku_code] => PSQL
                                    [sku_name] => PSQL
                                    [quantity] => 1.00
                                    [unit_price] => 4000.00
                                )

                        )

                )

            [10] => Array
                (
                    [pur_rq_code] => #-00001-2025
                    [requester] => 1
                    [department] => 0
                    [request_date] => 2025-06-07 14:40:58
                    [status] => 1
                    [id] => 9
                    [title] => 
                    [first_name] => Sumit
                    [last_name] => Ranjan
                    [items] => Array
                        (
                        )

                )

        )

    [output] => Array
        (
            [draw] => 1
            [iTotalRecords] => 11
            [iTotalDisplayRecords] => 0
            [aaData] => Array
                (
                )

        )

)

CRITICAL - 2025-06-26 00:53:14 --> Array
(
    [title] => CABLE
    [sku_code] => ABCD
    [sku_name] => abcd
    [quantity] => 1.00
    [unit_price] => 3000.00
)

CRITICAL - 2025-06-26 00:53:14 --> Array
(
    [title] => CABLE
    [sku_code] => ABCD
    [sku_name] => abcd
    [quantity] => 1.00
    [unit_price] => 3000.00
)

CRITICAL - 2025-06-26 00:53:14 --> Array
(
    [title] => Male Female Connector
    [sku_code] => MFCONN
    [sku_name] => MFCONN
    [quantity] => 1.00
    [unit_price] => 
)

CRITICAL - 2025-06-26 00:53:14 --> Array
(
    [title] => Sanwa-Denki -9WF0424S604B
    [sku_code] => 9WF0424S604B
    [sku_name] => 9WF0424S604B
    [quantity] => 1.00
    [unit_price] => 
)

CRITICAL - 2025-06-26 00:53:14 --> Array
(
    [title] => Test Product
    [sku_code] => TESTPROD
    [sku_name] => TESTPROD
    [quantity] => 1.00
    [unit_price] => 
)

CRITICAL - 2025-06-26 00:53:14 --> Array
(
    [title] => Cable Tie (100MM)
    [sku_code] => CBLTY
    [sku_name] => CBLTY
    [quantity] => 1.00
    [unit_price] => 
)

CRITICAL - 2025-06-26 00:53:14 --> Array
(
    [title] => LASER SENSOR -ML100-55/102/115 (P&F)
    [sku_code] => LSRSENSOR
    [sku_name] => LSRSENSOR
    [quantity] => 4.00
    [unit_price] => 1.00
)

CRITICAL - 2025-06-26 00:53:14 --> Array
(
    [title] => Male Female Connector
    [sku_code] => MFCONN
    [sku_name] => MFCONN
    [quantity] => 1.00
    [unit_price] => 1000.00
)

CRITICAL - 2025-06-26 00:53:14 --> Array
(
    [title] => Sanwa-Denki -9WF0424S604B
    [sku_code] => 9WF0424S604B
    [sku_name] => 9WF0424S604B
    [quantity] => 1.00
    [unit_price] => 5000.00
)

CRITICAL - 2025-06-26 00:53:14 --> Array
(
    [title] => Sanwa-Denki -9WF0424S604B
    [sku_code] => 9WF0424S604B
    [sku_name] => 9WF0424S604B
    [quantity] => 1.00
    [unit_price] => 5000.00
)

CRITICAL - 2025-06-26 00:53:14 --> Array
(
    [title] => 
    [sku_code] => 
    [sku_name] => 
    [quantity] => 1.00
    [unit_price] => 1.00
)

CRITICAL - 2025-06-26 00:53:14 --> Array
(
    [title] => Panel Square Light
    [sku_code] => PSQL
    [sku_name] => PSQL
    [quantity] => 1.00
    [unit_price] => 4000.00
)

ERROR - 2025-06-26 00:53:44 --> DEBUG: $sGroupBy = 
ERROR - 2025-06-26 00:59:37 --> DEBUG: $sGroupBy = 
ERROR - 2025-06-26 00:59:37 --> Array
(
    [rResult] => Array
        (
            [0] => Array
                (
                    [pur_rq_code] => #RAJ-00008-2025
                    [requester] => 1
                    [department] => 2
                    [request_date] => 2025-06-16 00:26:21
                    [status] => 2
                    [id] => 16
                    [title] => Electrical
                    [first_name] => Sumit
                    [last_name] => Ranjan
                    [items] => Array
                        (
                            [0] => Array
                                (
                                    [title] => CABLE
                                    [sku_code] => ABCD
                                    [sku_name] => abcd
                                    [quantity] => 1.00
                                    [unit_price] => 3000.00
                                )

                        )

                )

            [1] => Array
                (
                    [pur_rq_code] => #RAJ-00007-2025
                    [requester] => 1
                    [department] => 2
                    [request_date] => 2025-06-13 00:59:39
                    [status] => 2
                    [id] => 15
                    [title] => Electrical
                    [first_name] => Sumit
                    [last_name] => Ranjan
                    [items] => Array
                        (
                            [0] => Array
                                (
                                    [title] => CABLE
                                    [sku_code] => ABCD
                                    [sku_name] => abcd
                                    [quantity] => 1.00
                                    [unit_price] => 3000.00
                                )

                        )

                )

            [2] => Array
                (
                    [pur_rq_code] => #KOMAL-00012-2025
                    [requester] => 1
                    [department] => 1
                    [request_date] => 2025-06-25 04:03:40
                    [status] => 1
                    [id] => 20
                    [title] => Design
                    [first_name] => Sumit
                    [last_name] => Ranjan
                    [items] => Array
                        (
                            [0] => Array
                                (
                                    [title] => Male Female Connector
                                    [sku_code] => MFCONN
                                    [sku_name] => MFCONN
                                    [quantity] => 1.00
                                    [unit_price] => 
                                )

                            [1] => Array
                                (
                                    [title] => Sanwa-Denki -9WF0424S604B
                                    [sku_code] => 9WF0424S604B
                                    [sku_name] => 9WF0424S604B
                                    [quantity] => 1.00
                                    [unit_price] => 
                                )

                        )

                )

            [3] => Array
                (
                    [pur_rq_code] => #KOMAL-00011-2025
                    [requester] => 1
                    [department] => 1
                    [request_date] => 2025-06-25 00:45:56
                    [status] => 2
                    [id] => 19
                    [title] => Design
                    [first_name] => Sumit
                    [last_name] => Ranjan
                    [items] => Array
                        (
                            [0] => Array
                                (
                                    [title] => Test Product
                                    [sku_code] => TESTPROD
                                    [sku_name] => TESTPROD
                                    [quantity] => 1.00
                                    [unit_price] => 
                                )

                            [1] => Array
                                (
                                    [title] => Cable Tie (100MM)
                                    [sku_code] => CBLTY
                                    [sku_name] => CBLTY
                                    [quantity] => 1.00
                                    [unit_price] => 
                                )

                        )

                )

            [4] => Array
                (
                    [pur_rq_code] => #KOMAL-00010-2025
                    [requester] => 67
                    [department] => 2
                    [request_date] => 2025-06-16 04:30:02
                    [status] => 2
                    [id] => 18
                    [title] => Electrical
                    [first_name] => Vishnu
                    [last_name] => Singh
                    [items] => Array
                        (
                            [0] => Array
                                (
                                    [title] => LASER SENSOR -ML100-55/102/115 (P&F)
                                    [sku_code] => LSRSENSOR
                                    [sku_name] => LSRSENSOR
                                    [quantity] => 4.00
                                    [unit_price] => 1.00
                                )

                        )

                )

            [5] => Array
                (
                    [pur_rq_code] => #KOMAL-00009-2025
                    [requester] => 8
                    [department] => 2
                    [request_date] => 2025-06-16 01:24:06
                    [status] => 1
                    [id] => 17
                    [title] => Electrical
                    [first_name] => Tikam
                    [last_name] => Singh
                    [items] => Array
                        (
                            [0] => Array
                                (
                                    [title] => Male Female Connector
                                    [sku_code] => MFCONN
                                    [sku_name] => MFCONN
                                    [quantity] => 1.00
                                    [unit_price] => 1000.00
                                )

                        )

                )

            [6] => Array
                (
                    [pur_rq_code] => #-00006-2025
                    [requester] => 1
                    [department] => 3
                    [request_date] => 2025-06-08 13:22:33
                    [status] => 1
                    [id] => 14
                    [title] => HR
                    [first_name] => Sumit
                    [last_name] => Ranjan
                    [items] => Array
                        (
                            [0] => Array
                                (
                                    [title] => Sanwa-Denki -9WF0424S604B
                                    [sku_code] => 9WF0424S604B
                                    [sku_name] => 9WF0424S604B
                                    [quantity] => 1.00
                                    [unit_price] => 5000.00
                                )

                        )

                )

            [7] => Array
                (
                    [pur_rq_code] => #-00005-2025
                    [requester] => 1
                    [department] => 0
                    [request_date] => 2025-06-08 06:53:51
                    [status] => 2
                    [id] => 13
                    [title] => 
                    [first_name] => Sumit
                    [last_name] => Ranjan
                    [items] => Array
                        (
                            [0] => Array
                                (
                                    [title] => Sanwa-Denki -9WF0424S604B
                                    [sku_code] => 9WF0424S604B
                                    [sku_name] => 9WF0424S604B
                                    [quantity] => 1.00
                                    [unit_price] => 5000.00
                                )

                        )

                )

            [8] => Array
                (
                    [pur_rq_code] => #-00004-2025
                    [requester] => 1
                    [department] => 0
                    [request_date] => 2025-06-07 15:03:34
                    [status] => 2
                    [id] => 12
                    [title] => 
                    [first_name] => Sumit
                    [last_name] => Ranjan
                    [items] => Array
                        (
                            [0] => Array
                                (
                                    [title] => 
                                    [sku_code] => 
                                    [sku_name] => 
                                    [quantity] => 1.00
                                    [unit_price] => 1.00
                                )

                        )

                )

            [9] => Array
                (
                    [pur_rq_code] => #-00002-2025
                    [requester] => 1
                    [department] => 0
                    [request_date] => 2025-06-07 15:00:22
                    [status] => 1
                    [id] => 10
                    [title] => 
                    [first_name] => Sumit
                    [last_name] => Ranjan
                    [items] => Array
                        (
                            [0] => Array
                                (
                                    [title] => Panel Square Light
                                    [sku_code] => PSQL
                                    [sku_name] => PSQL
                                    [quantity] => 1.00
                                    [unit_price] => 4000.00
                                )

                        )

                )

            [10] => Array
                (
                    [pur_rq_code] => #-00001-2025
                    [requester] => 1
                    [department] => 0
                    [request_date] => 2025-06-07 14:40:58
                    [status] => 1
                    [id] => 9
                    [title] => 
                    [first_name] => Sumit
                    [last_name] => Ranjan
                    [items] => Array
                        (
                        )

                )

        )

    [output] => Array
        (
            [draw] => 1
            [iTotalRecords] => 11
            [iTotalDisplayRecords] => 0
            [aaData] => Array
                (
                )

        )

)

CRITICAL - 2025-06-26 00:59:37 --> Array
(
    [title] => CABLE
    [sku_code] => ABCD
    [sku_name] => abcd
    [quantity] => 1.00
    [unit_price] => 3000.00
)

CRITICAL - 2025-06-26 00:59:37 --> Array
(
    [title] => CABLE
    [sku_code] => ABCD
    [sku_name] => abcd
    [quantity] => 1.00
    [unit_price] => 3000.00
)

CRITICAL - 2025-06-26 00:59:37 --> Array
(
    [title] => Male Female Connector
    [sku_code] => MFCONN
    [sku_name] => MFCONN
    [quantity] => 1.00
    [unit_price] => 
)

CRITICAL - 2025-06-26 00:59:37 --> Array
(
    [title] => Sanwa-Denki -9WF0424S604B
    [sku_code] => 9WF0424S604B
    [sku_name] => 9WF0424S604B
    [quantity] => 1.00
    [unit_price] => 
)

CRITICAL - 2025-06-26 00:59:37 --> Array
(
    [title] => Test Product
    [sku_code] => TESTPROD
    [sku_name] => TESTPROD
    [quantity] => 1.00
    [unit_price] => 
)

CRITICAL - 2025-06-26 00:59:37 --> Array
(
    [title] => Cable Tie (100MM)
    [sku_code] => CBLTY
    [sku_name] => CBLTY
    [quantity] => 1.00
    [unit_price] => 
)

CRITICAL - 2025-06-26 00:59:37 --> Array
(
    [title] => LASER SENSOR -ML100-55/102/115 (P&F)
    [sku_code] => LSRSENSOR
    [sku_name] => LSRSENSOR
    [quantity] => 4.00
    [unit_price] => 1.00
)

CRITICAL - 2025-06-26 00:59:37 --> Array
(
    [title] => Male Female Connector
    [sku_code] => MFCONN
    [sku_name] => MFCONN
    [quantity] => 1.00
    [unit_price] => 1000.00
)

CRITICAL - 2025-06-26 00:59:37 --> Array
(
    [title] => Sanwa-Denki -9WF0424S604B
    [sku_code] => 9WF0424S604B
    [sku_name] => 9WF0424S604B
    [quantity] => 1.00
    [unit_price] => 5000.00
)

CRITICAL - 2025-06-26 00:59:37 --> Array
(
    [title] => Sanwa-Denki -9WF0424S604B
    [sku_code] => 9WF0424S604B
    [sku_name] => 9WF0424S604B
    [quantity] => 1.00
    [unit_price] => 5000.00
)

CRITICAL - 2025-06-26 00:59:37 --> Array
(
    [title] => 
    [sku_code] => 
    [sku_name] => 
    [quantity] => 1.00
    [unit_price] => 1.00
)

CRITICAL - 2025-06-26 00:59:37 --> Array
(
    [title] => Panel Square Light
    [sku_code] => PSQL
    [sku_name] => PSQL
    [quantity] => 1.00
    [unit_price] => 4000.00
)

